❯ touch commands.txt
❯ git checkout -b feature-update
Switched to a new branch 'feature-update'
❯ mkdir reports
❯ touch summary.md
❯ rm summary.md
❯ cd reports
❯ touch summary.md
❯ echo "This document provides a summary of the project updates." > summary.md
❯ git add .
❯ git status
On branch feature-update
Changes to be committed:
  (use "git restore --staged <file>..." to unstage)
        new file:   summary.md

Untracked files:
  (use "git add <file>..." to include in what will be committed)
        ../commands.txt

❯ cd ..
❯ git add .
❯ git status
On branch feature-update
Changes to be committed:
  (use "git restore --staged <file>..." to unstage)
        new file:   commands.txt
        new file:   reports/summary.md

❯ git reset HEAD .
❯ git status
On branch feature-update
Untracked files:
  (use "git add <file>..." to include in what will be committed)
        commands.txt
        reports/

nothing added to commit but untracked files present (use "git add" to track)
❯ git add reports
❯ git status
On branch feature-update
Changes to be committed:
  (use "git restore --staged <file>..." to unstage)
        new file:   reports/summary.md

Untracked files:
  (use "git add <file>..." to include in what will be committed)
        commands.txt

❯ git commit -m "Add reports directory"
[feature-update 97a3a01] Add reports directory
 1 file changed, 1 insertion(+)
 create mode 100644 reports/summary.md
❯ cd reports
❯ touch {file1.txt, file2.txt, file3.txt}
zsh: parse error near `}'
❯ ls
summary.md
❯ cd ..
❯ touch reports/{file1.txt, file2.txt, file3.txt}
zsh: parse error near `}'
❯ touch reports/{file1.txt,file2.txt,file3.txt}
❯ ls
README.md    commands.txt data         docs         reports      scripts
❯ cd reports
❯ ls
file1.txt  file2.txt  file3.txt  summary.md
❯ cd ..
❯ mv data/raw-data.csv data/input-data.csv
❯ ls data
input-data.csv
❯ cd scripts
❯ ls
01-setup.py          02-data-cleaning.py  03-data-modelling.py
❯ mkdir backup
❯ rmdir backup
❯ ls
01-setup.py          02-data-cleaning.py  03-data-modelling.py
❯ mkdir -p scripts/backup && cp scripts/*.py scripts/backup/
zsh: no matches found: scripts/*.py
❯ cd ..
❯ mkdir -p scripts/backup && cp scripts/*.py scripts/backup/
❯ tm docs/documentation.md
zsh: command not found: tm
❯ rm docs/documentation.md
❯ ls docs
❯ git add .
❯ git commit -m "Update project files"
[feature-update 9a0cefc] Update project files
 9 files changed, 1 deletion(-)
 rename data/raw-data.csv => commands.txt (100%)
 create mode 100644 data/input-data.csv
 delete mode 100644 docs/documentation.md
 create mode 100644 reports/file1.txt
 create mode 100644 reports/file2.txt
 create mode 100644 reports/file3.txt
 create mode 100644 scripts/backup/01-setup.py
 create mode 100644 scripts/backup/02-data-cleaning.py
 create mode 100644 scripts/backup/03-data-modelling.py
❯ touch ".gitignore"
❯ nano .gitignore
❯ cat .gitignore
```{markdown}
temp/
dataset0?.csv
```
❯ git add .gitignore && git commit -m "Add .gitignore file"
[feature-update ca1d050] Add .gitignore file
 1 file changed, 4 insertions(+)
 create mode 100644 .gitignore
❯ git checkout main
Switched to branch 'main'
Your branch is up to date with 'origin/main'.
❯ git merge feature-update
Updating 651c914..ca1d050
Fast-forward
 .gitignore                          | 4 ++++
 data/raw-data.csv => commands.txt   | 0
 data/input-data.csv                 | 0
 docs/documentation.md               | 1 -
 reports/file1.txt                   | 0
 reports/file2.txt                   | 0
 reports/file3.txt                   | 0
 reports/summary.md                  | 1 +
 scripts/backup/01-setup.py          | 0
 scripts/backup/02-data-cleaning.py  | 0
 scripts/backup/03-data-modelling.py | 0
 11 files changed, 5 insertions(+), 1 deletion(-)
 create mode 100644 .gitignore
 rename data/raw-data.csv => commands.txt (100%)
 create mode 100644 data/input-data.csv
 delete mode 100644 docs/documentation.md
 create mode 100644 reports/file1.txt
 create mode 100644 reports/file2.txt
 create mode 100644 reports/file3.txt
 create mode 100644 reports/summary.md
 create mode 100644 scripts/backup/01-setup.py
 create mode 100644 scripts/backup/02-data-cleaning.py
 create mode 100644 scripts/backup/03-data-modelling.py